Archive member included because of file (symbol)

d:/program files (x86)/atmel/atmel toolchain/avr8 gcc/native/3.4.1051/avr8-gnu-toolchain/bin/../lib/gcc/avr/4.8.1/avr5\libgcc.a(_exit.o)
                              d:/program files (x86)/atmel/atmel toolchain/avr8 gcc/native/3.4.1051/avr8-gnu-toolchain/bin/../lib/gcc/avr/4.8.1/../../../../avr/lib/avr5/crtm168a.o (exit)
d:/program files (x86)/atmel/atmel toolchain/avr8 gcc/native/3.4.1051/avr8-gnu-toolchain/bin/../lib/gcc/avr/4.8.1/avr5\libgcc.a(_copy_data.o)
                              src/periferals.o (__do_copy_data)
d:/program files (x86)/atmel/atmel toolchain/avr8 gcc/native/3.4.1051/avr8-gnu-toolchain/bin/../lib/gcc/avr/4.8.1/avr5\libgcc.a(_clear_bss.o)
                              src/periferals.o (__do_clear_bss)
d:/program files (x86)/atmel/atmel toolchain/avr8 gcc/native/3.4.1051/avr8-gnu-toolchain/bin/../lib/gcc/avr/4.8.1/../../../../avr/lib/avr5\libc.a(sprintf.o)
                              src/main.o (sprintf)
d:/program files (x86)/atmel/atmel toolchain/avr8 gcc/native/3.4.1051/avr8-gnu-toolchain/bin/../lib/gcc/avr/4.8.1/../../../../avr/lib/avr5\libc.a(vfprintf_std.o)
                              d:/program files (x86)/atmel/atmel toolchain/avr8 gcc/native/3.4.1051/avr8-gnu-toolchain/bin/../lib/gcc/avr/4.8.1/../../../../avr/lib/avr5\libc.a(sprintf.o) (vfprintf)
d:/program files (x86)/atmel/atmel toolchain/avr8 gcc/native/3.4.1051/avr8-gnu-toolchain/bin/../lib/gcc/avr/4.8.1/../../../../avr/lib/avr5\libc.a(strnlen_P.o)
                              d:/program files (x86)/atmel/atmel toolchain/avr8 gcc/native/3.4.1051/avr8-gnu-toolchain/bin/../lib/gcc/avr/4.8.1/../../../../avr/lib/avr5\libc.a(vfprintf_std.o) (strnlen_P)
d:/program files (x86)/atmel/atmel toolchain/avr8 gcc/native/3.4.1051/avr8-gnu-toolchain/bin/../lib/gcc/avr/4.8.1/../../../../avr/lib/avr5\libc.a(strnlen.o)
                              d:/program files (x86)/atmel/atmel toolchain/avr8 gcc/native/3.4.1051/avr8-gnu-toolchain/bin/../lib/gcc/avr/4.8.1/../../../../avr/lib/avr5\libc.a(vfprintf_std.o) (strnlen)
d:/program files (x86)/atmel/atmel toolchain/avr8 gcc/native/3.4.1051/avr8-gnu-toolchain/bin/../lib/gcc/avr/4.8.1/../../../../avr/lib/avr5\libc.a(fputc.o)
                              d:/program files (x86)/atmel/atmel toolchain/avr8 gcc/native/3.4.1051/avr8-gnu-toolchain/bin/../lib/gcc/avr/4.8.1/../../../../avr/lib/avr5\libc.a(vfprintf_std.o) (fputc)
d:/program files (x86)/atmel/atmel toolchain/avr8 gcc/native/3.4.1051/avr8-gnu-toolchain/bin/../lib/gcc/avr/4.8.1/../../../../avr/lib/avr5\libc.a(ultoa_invert.o)
                              d:/program files (x86)/atmel/atmel toolchain/avr8 gcc/native/3.4.1051/avr8-gnu-toolchain/bin/../lib/gcc/avr/4.8.1/../../../../avr/lib/avr5\libc.a(vfprintf_std.o) (__ultoa_invert)
d:/program files (x86)/atmel/atmel toolchain/avr8 gcc/native/3.4.1051/avr8-gnu-toolchain/bin/../lib/gcc/avr/4.8.1/avr5\libgcc.a(_prologue.o)
                              d:/program files (x86)/atmel/atmel toolchain/avr8 gcc/native/3.4.1051/avr8-gnu-toolchain/bin/../lib/gcc/avr/4.8.1/../../../../avr/lib/avr5\libc.a(sprintf.o) (__prologue_saves__)
d:/program files (x86)/atmel/atmel toolchain/avr8 gcc/native/3.4.1051/avr8-gnu-toolchain/bin/../lib/gcc/avr/4.8.1/avr5\libgcc.a(_epilogue.o)
                              d:/program files (x86)/atmel/atmel toolchain/avr8 gcc/native/3.4.1051/avr8-gnu-toolchain/bin/../lib/gcc/avr/4.8.1/../../../../avr/lib/avr5\libc.a(sprintf.o) (__epilogue_restores__)

Allocating common symbols
Common symbol       size              file

dataready           0x1               src/radio.o
state               0x1               src/radio.o
rawdata             0x4               src/radio.o
data                0x4               src/radio.o
ministate           0x1               src/radio.o

Discarded input sections

 .bss           0x00000000        0x0 d:/program files (x86)/atmel/atmel toolchain/avr8 gcc/native/3.4.1051/avr8-gnu-toolchain/bin/../lib/gcc/avr/4.8.1/../../../../avr/lib/avr5/crtm168a.o
 .group         0x00000000        0x8 src/periferals.o
 .group         0x00000000        0x8 src/periferals.o
 .group         0x00000000        0x8 src/periferals.o
 .group         0x00000000        0x8 src/periferals.o
 .group         0x00000000        0x8 src/periferals.o
 .group         0x00000000        0x8 src/periferals.o
 .group         0x00000000        0x8 src/periferals.o
 .group         0x00000000        0x8 src/periferals.o
 .group         0x00000000        0x8 src/periferals.o
 .group         0x00000000        0x8 src/periferals.o
 .group         0x00000000        0x8 src/periferals.o
 .group         0x00000000        0x8 src/periferals.o
 .group         0x00000000        0x8 src/periferals.o
 .group         0x00000000        0x8 src/periferals.o
 .group         0x00000000        0x8 src/periferals.o
 .text          0x00000000        0x0 src/periferals.o
 .bss           0x00000000        0x0 src/periferals.o
 .text.motor_stop
                0x00000000       0x16 src/periferals.o
 .group         0x00000000        0x8 src/radio.o
 .group         0x00000000        0x8 src/radio.o
 .group         0x00000000        0x8 src/radio.o
 .group         0x00000000        0x8 src/radio.o
 .group         0x00000000        0x8 src/radio.o
 .group         0x00000000        0x8 src/radio.o
 .group         0x00000000        0x8 src/radio.o
 .group         0x00000000        0x8 src/radio.o
 .group         0x00000000        0x8 src/radio.o
 .group         0x00000000        0x8 src/radio.o
 .group         0x00000000        0x8 src/radio.o
 .group         0x00000000        0x8 src/radio.o
 .group         0x00000000        0x8 src/radio.o
 .group         0x00000000        0x8 src/radio.o
 .text          0x00000000        0x0 src/radio.o
 .bss           0x00000000        0x0 src/radio.o
 .debug_macro   0x00000000      0xa24 src/radio.o
 .debug_macro   0x00000000       0x10 src/radio.o
 .debug_macro   0x00000000      0x1ad src/radio.o
 .debug_macro   0x00000000      0x293 src/radio.o
 .debug_macro   0x00000000       0x9e src/radio.o
 .debug_macro   0x00000000      0xd2f src/radio.o
 .debug_macro   0x00000000       0xdc src/radio.o
 .debug_macro   0x00000000      0x139 src/radio.o
 .debug_macro   0x00000000       0xbd src/radio.o
 .debug_macro   0x00000000       0x34 src/radio.o
 .debug_macro   0x00000000       0x18 src/radio.o
 .debug_macro   0x00000000       0x6c src/radio.o
 .group         0x00000000        0x8 src/main.o
 .group         0x00000000        0x8 src/main.o
 .group         0x00000000        0x8 src/main.o
 .group         0x00000000        0x8 src/main.o
 .group         0x00000000        0x8 src/main.o
 .group         0x00000000        0x8 src/main.o
 .group         0x00000000        0x8 src/main.o
 .group         0x00000000        0x8 src/main.o
 .group         0x00000000        0x8 src/main.o
 .group         0x00000000        0x8 src/main.o
 .group         0x00000000        0x8 src/main.o
 .group         0x00000000        0x8 src/main.o
 .group         0x00000000        0x8 src/main.o
 .group         0x00000000        0x8 src/main.o
 .group         0x00000000        0x8 src/main.o
 .group         0x00000000        0x8 src/main.o
 .group         0x00000000        0x8 src/main.o
 .group         0x00000000        0x8 src/main.o
 .group         0x00000000        0x8 src/main.o
 .group         0x00000000        0x8 src/main.o
 .group         0x00000000        0x8 src/main.o
 .group         0x00000000        0x8 src/main.o
 .group         0x00000000        0x8 src/main.o
 .group         0x00000000        0x8 src/main.o
 .group         0x00000000        0x8 src/main.o
 .group         0x00000000        0x8 src/main.o
 .group         0x00000000        0x8 src/main.o
 .group         0x00000000        0x8 src/main.o
 .group         0x00000000        0x8 src/main.o
 .group         0x00000000        0x8 src/main.o
 .group         0x00000000        0x8 src/main.o
 .group         0x00000000        0x8 src/main.o
 .group         0x00000000        0x8 src/main.o
 .group         0x00000000        0x8 src/main.o
 .text          0x00000000        0x0 src/main.o
 .bss           0x00000000        0x0 src/main.o
 .text.two_on   0x00000000        0x6 src/main.o
 .text.all_off  0x00000000        0xa src/main.o
 .text.debug_leds
                0x00000000       0x46 src/main.o
 .text.debug_led_1
                0x00000000       0x36 src/main.o
 .debug_macro   0x00000000      0xa24 src/main.o
 .debug_macro   0x00000000       0x10 src/main.o
 .debug_macro   0x00000000      0x1ad src/main.o
 .debug_macro   0x00000000      0x293 src/main.o
 .debug_macro   0x00000000       0x9e src/main.o
 .debug_macro   0x00000000      0xd2f src/main.o
 .debug_macro   0x00000000       0xdc src/main.o
 .debug_macro   0x00000000      0x139 src/main.o
 .debug_macro   0x00000000       0xbd src/main.o
 .debug_macro   0x00000000       0x34 src/main.o
 .debug_macro   0x00000000       0x18 src/main.o
 .debug_macro   0x00000000       0x6c src/main.o
 .debug_macro   0x00000000       0x69 src/main.o
 .debug_macro   0x00000000       0x10 src/main.o
 .debug_macro   0x00000000       0x40 src/main.o
 .debug_macro   0x00000000       0x58 src/main.o
 .group         0x00000000        0x8 src/ASF/mega/boards/stk600/rcx_x/init.o
 .group         0x00000000        0x8 src/ASF/mega/boards/stk600/rcx_x/init.o
 .group         0x00000000        0x8 src/ASF/mega/boards/stk600/rcx_x/init.o
 .group         0x00000000        0x8 src/ASF/mega/boards/stk600/rcx_x/init.o
 .group         0x00000000        0x8 src/ASF/mega/boards/stk600/rcx_x/init.o
 .group         0x00000000        0x8 src/ASF/mega/boards/stk600/rcx_x/init.o
 .group         0x00000000        0x8 src/ASF/mega/boards/stk600/rcx_x/init.o
 .group         0x00000000        0x8 src/ASF/mega/boards/stk600/rcx_x/init.o
 .group         0x00000000        0x8 src/ASF/mega/boards/stk600/rcx_x/init.o
 .group         0x00000000        0x8 src/ASF/mega/boards/stk600/rcx_x/init.o
 .group         0x00000000        0x8 src/ASF/mega/boards/stk600/rcx_x/init.o
 .group         0x00000000        0x8 src/ASF/mega/boards/stk600/rcx_x/init.o
 .group         0x00000000        0x8 src/ASF/mega/boards/stk600/rcx_x/init.o
 .group         0x00000000        0x8 src/ASF/mega/boards/stk600/rcx_x/init.o
 .group         0x00000000        0x8 src/ASF/mega/boards/stk600/rcx_x/init.o
 .group         0x00000000        0x8 src/ASF/mega/boards/stk600/rcx_x/init.o
 .group         0x00000000        0x8 src/ASF/mega/boards/stk600/rcx_x/init.o
 .group         0x00000000        0x8 src/ASF/mega/boards/stk600/rcx_x/init.o
 .group         0x00000000        0x8 src/ASF/mega/boards/stk600/rcx_x/init.o
 .group         0x00000000        0x8 src/ASF/mega/boards/stk600/rcx_x/init.o
 .group         0x00000000        0x8 src/ASF/mega/boards/stk600/rcx_x/init.o
 .group         0x00000000        0x8 src/ASF/mega/boards/stk600/rcx_x/init.o
 .group         0x00000000        0x8 src/ASF/mega/boards/stk600/rcx_x/init.o
 .group         0x00000000        0x8 src/ASF/mega/boards/stk600/rcx_x/init.o
 .group         0x00000000        0x8 src/ASF/mega/boards/stk600/rcx_x/init.o
 .group         0x00000000        0x8 src/ASF/mega/boards/stk600/rcx_x/init.o
 .text          0x00000000        0x0 src/ASF/mega/boards/stk600/rcx_x/init.o
 .bss           0x00000000        0x0 src/ASF/mega/boards/stk600/rcx_x/init.o
 .debug_macro   0x00000000      0xa24 src/ASF/mega/boards/stk600/rcx_x/init.o
 .debug_macro   0x00000000       0x10 src/ASF/mega/boards/stk600/rcx_x/init.o
 .debug_macro   0x00000000      0x1ad src/ASF/mega/boards/stk600/rcx_x/init.o
 .debug_macro   0x00000000      0x293 src/ASF/mega/boards/stk600/rcx_x/init.o
 .debug_macro   0x00000000       0x9e src/ASF/mega/boards/stk600/rcx_x/init.o
 .debug_macro   0x00000000      0xd2f src/ASF/mega/boards/stk600/rcx_x/init.o
 .debug_macro   0x00000000       0xdc src/ASF/mega/boards/stk600/rcx_x/init.o
 .debug_macro   0x00000000      0x139 src/ASF/mega/boards/stk600/rcx_x/init.o
 .debug_macro   0x00000000       0xbd src/ASF/mega/boards/stk600/rcx_x/init.o
 .debug_macro   0x00000000       0x34 src/ASF/mega/boards/stk600/rcx_x/init.o
 .debug_macro   0x00000000       0x18 src/ASF/mega/boards/stk600/rcx_x/init.o
 .debug_macro   0x00000000       0x6c src/ASF/mega/boards/stk600/rcx_x/init.o
 .debug_macro   0x00000000       0x22 src/ASF/mega/boards/stk600/rcx_x/init.o
 .debug_macro   0x00000000      0x166 src/ASF/mega/boards/stk600/rcx_x/init.o
 .debug_macro   0x00000000       0x1c src/ASF/mega/boards/stk600/rcx_x/init.o
 .debug_macro   0x00000000       0x35 src/ASF/mega/boards/stk600/rcx_x/init.o
 .debug_macro   0x00000000       0x66 src/ASF/mega/boards/stk600/rcx_x/init.o
 .debug_macro   0x00000000      0x2ee src/ASF/mega/boards/stk600/rcx_x/init.o
 .debug_macro   0x00000000       0x44 src/ASF/mega/boards/stk600/rcx_x/init.o
 .debug_macro   0x00000000       0x69 src/ASF/mega/boards/stk600/rcx_x/init.o
 .debug_macro   0x00000000       0x2c src/ASF/mega/boards/stk600/rcx_x/init.o
 .debug_macro   0x00000000       0x10 src/ASF/mega/boards/stk600/rcx_x/init.o
 .debug_macro   0x00000000       0xe2 src/ASF/mega/boards/stk600/rcx_x/init.o
 .debug_macro   0x00000000       0x40 src/ASF/mega/boards/stk600/rcx_x/init.o
 .debug_macro   0x00000000      0x100 src/ASF/mega/boards/stk600/rcx_x/init.o
 .debug_macro   0x00000000      0x1dd src/ASF/mega/boards/stk600/rcx_x/init.o
 .text          0x00000000        0x0 d:/program files (x86)/atmel/atmel toolchain/avr8 gcc/native/3.4.1051/avr8-gnu-toolchain/bin/../lib/gcc/avr/4.8.1/avr5\libgcc.a(_exit.o)
 .bss           0x00000000        0x0 d:/program files (x86)/atmel/atmel toolchain/avr8 gcc/native/3.4.1051/avr8-gnu-toolchain/bin/../lib/gcc/avr/4.8.1/avr5\libgcc.a(_exit.o)
 .text.libgcc.mul
                0x00000000        0x0 d:/program files (x86)/atmel/atmel toolchain/avr8 gcc/native/3.4.1051/avr8-gnu-toolchain/bin/../lib/gcc/avr/4.8.1/avr5\libgcc.a(_exit.o)
 .text.libgcc.div
                0x00000000        0x0 d:/program files (x86)/atmel/atmel toolchain/avr8 gcc/native/3.4.1051/avr8-gnu-toolchain/bin/../lib/gcc/avr/4.8.1/avr5\libgcc.a(_exit.o)
 .text.libgcc   0x00000000        0x0 d:/program files (x86)/atmel/atmel toolchain/avr8 gcc/native/3.4.1051/avr8-gnu-toolchain/bin/../lib/gcc/avr/4.8.1/avr5\libgcc.a(_exit.o)
 .text.libgcc.prologue
                0x00000000        0x0 d:/program files (x86)/atmel/atmel toolchain/avr8 gcc/native/3.4.1051/avr8-gnu-toolchain/bin/../lib/gcc/avr/4.8.1/avr5\libgcc.a(_exit.o)
 .text.libgcc.builtins
                0x00000000        0x0 d:/program files (x86)/atmel/atmel toolchain/avr8 gcc/native/3.4.1051/avr8-gnu-toolchain/bin/../lib/gcc/avr/4.8.1/avr5\libgcc.a(_exit.o)
 .text.libgcc.fmul
                0x00000000        0x0 d:/program files (x86)/atmel/atmel toolchain/avr8 gcc/native/3.4.1051/avr8-gnu-toolchain/bin/../lib/gcc/avr/4.8.1/avr5\libgcc.a(_exit.o)
 .text.libgcc.fixed
                0x00000000        0x0 d:/program files (x86)/atmel/atmel toolchain/avr8 gcc/native/3.4.1051/avr8-gnu-toolchain/bin/../lib/gcc/avr/4.8.1/avr5\libgcc.a(_exit.o)
 .text          0x00000000        0x0 d:/program files (x86)/atmel/atmel toolchain/avr8 gcc/native/3.4.1051/avr8-gnu-toolchain/bin/../lib/gcc/avr/4.8.1/avr5\libgcc.a(_copy_data.o)
 .bss           0x00000000        0x0 d:/program files (x86)/atmel/atmel toolchain/avr8 gcc/native/3.4.1051/avr8-gnu-toolchain/bin/../lib/gcc/avr/4.8.1/avr5\libgcc.a(_copy_data.o)
 .text.libgcc.mul
                0x00000000        0x0 d:/program files (x86)/atmel/atmel toolchain/avr8 gcc/native/3.4.1051/avr8-gnu-toolchain/bin/../lib/gcc/avr/4.8.1/avr5\libgcc.a(_copy_data.o)
 .text.libgcc.div
                0x00000000        0x0 d:/program files (x86)/atmel/atmel toolchain/avr8 gcc/native/3.4.1051/avr8-gnu-toolchain/bin/../lib/gcc/avr/4.8.1/avr5\libgcc.a(_copy_data.o)
 .text.libgcc   0x00000000        0x0 d:/program files (x86)/atmel/atmel toolchain/avr8 gcc/native/3.4.1051/avr8-gnu-toolchain/bin/../lib/gcc/avr/4.8.1/avr5\libgcc.a(_copy_data.o)
 .text.libgcc.prologue
                0x00000000        0x0 d:/program files (x86)/atmel/atmel toolchain/avr8 gcc/native/3.4.1051/avr8-gnu-toolchain/bin/../lib/gcc/avr/4.8.1/avr5\libgcc.a(_copy_data.o)
 .text.libgcc.builtins
                0x00000000        0x0 d:/program files (x86)/atmel/atmel toolchain/avr8 gcc/native/3.4.1051/avr8-gnu-toolchain/bin/../lib/gcc/avr/4.8.1/avr5\libgcc.a(_copy_data.o)
 .text.libgcc.fmul
                0x00000000        0x0 d:/program files (x86)/atmel/atmel toolchain/avr8 gcc/native/3.4.1051/avr8-gnu-toolchain/bin/../lib/gcc/avr/4.8.1/avr5\libgcc.a(_copy_data.o)
 .text.libgcc.fixed
                0x00000000        0x0 d:/program files (x86)/atmel/atmel toolchain/avr8 gcc/native/3.4.1051/avr8-gnu-toolchain/bin/../lib/gcc/avr/4.8.1/avr5\libgcc.a(_copy_data.o)
 .text          0x00000000        0x0 d:/program files (x86)/atmel/atmel toolchain/avr8 gcc/native/3.4.1051/avr8-gnu-toolchain/bin/../lib/gcc/avr/4.8.1/avr5\libgcc.a(_clear_bss.o)
 .bss           0x00000000        0x0 d:/program files (x86)/atmel/atmel toolchain/avr8 gcc/native/3.4.1051/avr8-gnu-toolchain/bin/../lib/gcc/avr/4.8.1/avr5\libgcc.a(_clear_bss.o)
 .text.libgcc.mul
                0x00000000        0x0 d:/program files (x86)/atmel/atmel toolchain/avr8 gcc/native/3.4.1051/avr8-gnu-toolchain/bin/../lib/gcc/avr/4.8.1/avr5\libgcc.a(_clear_bss.o)
 .text.libgcc.div
                0x00000000        0x0 d:/program files (x86)/atmel/atmel toolchain/avr8 gcc/native/3.4.1051/avr8-gnu-toolchain/bin/../lib/gcc/avr/4.8.1/avr5\libgcc.a(_clear_bss.o)
 .text.libgcc   0x00000000        0x0 d:/program files (x86)/atmel/atmel toolchain/avr8 gcc/native/3.4.1051/avr8-gnu-toolchain/bin/../lib/gcc/avr/4.8.1/avr5\libgcc.a(_clear_bss.o)
 .text.libgcc.prologue
                0x00000000        0x0 d:/program files (x86)/atmel/atmel toolchain/avr8 gcc/native/3.4.1051/avr8-gnu-toolchain/bin/../lib/gcc/avr/4.8.1/avr5\libgcc.a(_clear_bss.o)
 .text.libgcc.builtins
                0x00000000        0x0 d:/program files (x86)/atmel/atmel toolchain/avr8 gcc/native/3.4.1051/avr8-gnu-toolchain/bin/../lib/gcc/avr/4.8.1/avr5\libgcc.a(_clear_bss.o)
 .text.libgcc.fmul
                0x00000000        0x0 d:/program files (x86)/atmel/atmel toolchain/avr8 gcc/native/3.4.1051/avr8-gnu-toolchain/bin/../lib/gcc/avr/4.8.1/avr5\libgcc.a(_clear_bss.o)
 .text.libgcc.fixed
                0x00000000        0x0 d:/program files (x86)/atmel/atmel toolchain/avr8 gcc/native/3.4.1051/avr8-gnu-toolchain/bin/../lib/gcc/avr/4.8.1/avr5\libgcc.a(_clear_bss.o)
 .text          0x00000000        0x0 d:/program files (x86)/atmel/atmel toolchain/avr8 gcc/native/3.4.1051/avr8-gnu-toolchain/bin/../lib/gcc/avr/4.8.1/../../../../avr/lib/avr5\libc.a(sprintf.o)
 .bss           0x00000000        0x0 d:/program files (x86)/atmel/atmel toolchain/avr8 gcc/native/3.4.1051/avr8-gnu-toolchain/bin/../lib/gcc/avr/4.8.1/../../../../avr/lib/avr5\libc.a(sprintf.o)
 .text          0x00000000        0x0 d:/program files (x86)/atmel/atmel toolchain/avr8 gcc/native/3.4.1051/avr8-gnu-toolchain/bin/../lib/gcc/avr/4.8.1/../../../../avr/lib/avr5\libc.a(vfprintf_std.o)
 .bss           0x00000000        0x0 d:/program files (x86)/atmel/atmel toolchain/avr8 gcc/native/3.4.1051/avr8-gnu-toolchain/bin/../lib/gcc/avr/4.8.1/../../../../avr/lib/avr5\libc.a(vfprintf_std.o)
 .text          0x00000000        0x0 d:/program files (x86)/atmel/atmel toolchain/avr8 gcc/native/3.4.1051/avr8-gnu-toolchain/bin/../lib/gcc/avr/4.8.1/../../../../avr/lib/avr5\libc.a(strnlen_P.o)
 .bss           0x00000000        0x0 d:/program files (x86)/atmel/atmel toolchain/avr8 gcc/native/3.4.1051/avr8-gnu-toolchain/bin/../lib/gcc/avr/4.8.1/../../../../avr/lib/avr5\libc.a(strnlen_P.o)
 .text          0x00000000        0x0 d:/program files (x86)/atmel/atmel toolchain/avr8 gcc/native/3.4.1051/avr8-gnu-toolchain/bin/../lib/gcc/avr/4.8.1/../../../../avr/lib/avr5\libc.a(strnlen.o)
 .bss           0x00000000        0x0 d:/program files (x86)/atmel/atmel toolchain/avr8 gcc/native/3.4.1051/avr8-gnu-toolchain/bin/../lib/gcc/avr/4.8.1/../../../../avr/lib/avr5\libc.a(strnlen.o)
 .text          0x00000000        0x0 d:/program files (x86)/atmel/atmel toolchain/avr8 gcc/native/3.4.1051/avr8-gnu-toolchain/bin/../lib/gcc/avr/4.8.1/../../../../avr/lib/avr5\libc.a(fputc.o)
 .bss           0x00000000        0x0 d:/program files (x86)/atmel/atmel toolchain/avr8 gcc/native/3.4.1051/avr8-gnu-toolchain/bin/../lib/gcc/avr/4.8.1/../../../../avr/lib/avr5\libc.a(fputc.o)
 .text          0x00000000        0x0 d:/program files (x86)/atmel/atmel toolchain/avr8 gcc/native/3.4.1051/avr8-gnu-toolchain/bin/../lib/gcc/avr/4.8.1/../../../../avr/lib/avr5\libc.a(ultoa_invert.o)
 .bss           0x00000000        0x0 d:/program files (x86)/atmel/atmel toolchain/avr8 gcc/native/3.4.1051/avr8-gnu-toolchain/bin/../lib/gcc/avr/4.8.1/../../../../avr/lib/avr5\libc.a(ultoa_invert.o)
 .text          0x00000000        0x0 d:/program files (x86)/atmel/atmel toolchain/avr8 gcc/native/3.4.1051/avr8-gnu-toolchain/bin/../lib/gcc/avr/4.8.1/avr5\libgcc.a(_prologue.o)
 .bss           0x00000000        0x0 d:/program files (x86)/atmel/atmel toolchain/avr8 gcc/native/3.4.1051/avr8-gnu-toolchain/bin/../lib/gcc/avr/4.8.1/avr5\libgcc.a(_prologue.o)
 .text.libgcc.mul
                0x00000000        0x0 d:/program files (x86)/atmel/atmel toolchain/avr8 gcc/native/3.4.1051/avr8-gnu-toolchain/bin/../lib/gcc/avr/4.8.1/avr5\libgcc.a(_prologue.o)
 .text.libgcc.div
                0x00000000        0x0 d:/program files (x86)/atmel/atmel toolchain/avr8 gcc/native/3.4.1051/avr8-gnu-toolchain/bin/../lib/gcc/avr/4.8.1/avr5\libgcc.a(_prologue.o)
 .text.libgcc   0x00000000        0x0 d:/program files (x86)/atmel/atmel toolchain/avr8 gcc/native/3.4.1051/avr8-gnu-toolchain/bin/../lib/gcc/avr/4.8.1/avr5\libgcc.a(_prologue.o)
 .text.libgcc.builtins
                0x00000000        0x0 d:/program files (x86)/atmel/atmel toolchain/avr8 gcc/native/3.4.1051/avr8-gnu-toolchain/bin/../lib/gcc/avr/4.8.1/avr5\libgcc.a(_prologue.o)
 .text.libgcc.fmul
                0x00000000        0x0 d:/program files (x86)/atmel/atmel toolchain/avr8 gcc/native/3.4.1051/avr8-gnu-toolchain/bin/../lib/gcc/avr/4.8.1/avr5\libgcc.a(_prologue.o)
 .text.libgcc.fixed
                0x00000000        0x0 d:/program files (x86)/atmel/atmel toolchain/avr8 gcc/native/3.4.1051/avr8-gnu-toolchain/bin/../lib/gcc/avr/4.8.1/avr5\libgcc.a(_prologue.o)
 .text          0x00000000        0x0 d:/program files (x86)/atmel/atmel toolchain/avr8 gcc/native/3.4.1051/avr8-gnu-toolchain/bin/../lib/gcc/avr/4.8.1/avr5\libgcc.a(_epilogue.o)
 .bss           0x00000000        0x0 d:/program files (x86)/atmel/atmel toolchain/avr8 gcc/native/3.4.1051/avr8-gnu-toolchain/bin/../lib/gcc/avr/4.8.1/avr5\libgcc.a(_epilogue.o)
 .text.libgcc.mul
                0x00000000        0x0 d:/program files (x86)/atmel/atmel toolchain/avr8 gcc/native/3.4.1051/avr8-gnu-toolchain/bin/../lib/gcc/avr/4.8.1/avr5\libgcc.a(_epilogue.o)
 .text.libgcc.div
                0x00000000        0x0 d:/program files (x86)/atmel/atmel toolchain/avr8 gcc/native/3.4.1051/avr8-gnu-toolchain/bin/../lib/gcc/avr/4.8.1/avr5\libgcc.a(_epilogue.o)
 .text.libgcc   0x00000000        0x0 d:/program files (x86)/atmel/atmel toolchain/avr8 gcc/native/3.4.1051/avr8-gnu-toolchain/bin/../lib/gcc/avr/4.8.1/avr5\libgcc.a(_epilogue.o)
 .text.libgcc.builtins
                0x00000000        0x0 d:/program files (x86)/atmel/atmel toolchain/avr8 gcc/native/3.4.1051/avr8-gnu-toolchain/bin/../lib/gcc/avr/4.8.1/avr5\libgcc.a(_epilogue.o)
 .text.libgcc.fmul
                0x00000000        0x0 d:/program files (x86)/atmel/atmel toolchain/avr8 gcc/native/3.4.1051/avr8-gnu-toolchain/bin/../lib/gcc/avr/4.8.1/avr5\libgcc.a(_epilogue.o)
 .text.libgcc.fixed
                0x00000000        0x0 d:/program files (x86)/atmel/atmel toolchain/avr8 gcc/native/3.4.1051/avr8-gnu-toolchain/bin/../lib/gcc/avr/4.8.1/avr5\libgcc.a(_epilogue.o)

Memory Configuration

Name             Origin             Length             Attributes
text             0x00000000         0x00020000         xr
data             0x00800060         0x0000ffa0         rw !x
eeprom           0x00810000         0x00010000         rw !x
fuse             0x00820000         0x00000400         rw !x
lock             0x00830000         0x00000400         rw !x
signature        0x00840000         0x00000400         rw !x
user_signatures  0x00850000         0x00000400         rw !x
*default*        0x00000000         0xffffffff

Linker script and memory map

Address of section .data set to 0x800100
LOAD d:/program files (x86)/atmel/atmel toolchain/avr8 gcc/native/3.4.1051/avr8-gnu-toolchain/bin/../lib/gcc/avr/4.8.1/../../../../avr/lib/avr5/crtm168a.o
LOAD src/periferals.o
LOAD src/radio.o
LOAD src/main.o
LOAD src/ASF/mega/boards/stk600/rcx_x/init.o
START GROUP
END GROUP
START GROUP
LOAD d:/program files (x86)/atmel/atmel toolchain/avr8 gcc/native/3.4.1051/avr8-gnu-toolchain/bin/../lib/gcc/avr/4.8.1/avr5\libgcc.a
LOAD d:/program files (x86)/atmel/atmel toolchain/avr8 gcc/native/3.4.1051/avr8-gnu-toolchain/bin/../lib/gcc/avr/4.8.1/../../../../avr/lib/avr5\libm.a
LOAD d:/program files (x86)/atmel/atmel toolchain/avr8 gcc/native/3.4.1051/avr8-gnu-toolchain/bin/../lib/gcc/avr/4.8.1/../../../../avr/lib/avr5\libc.a
END GROUP

.hash
 *(.hash)

.dynsym
 *(.dynsym)

.dynstr
 *(.dynstr)

.gnu.version
 *(.gnu.version)

.gnu.version_d
 *(.gnu.version_d)

.gnu.version_r
 *(.gnu.version_r)

.rel.init
 *(.rel.init)

.rela.init
 *(.rela.init)

.rel.text
 *(.rel.text)
 *(.rel.text.*)
 *(.rel.gnu.linkonce.t*)

.rela.text
 *(.rela.text)
 *(.rela.text.*)
 *(.rela.gnu.linkonce.t*)

.rel.fini
 *(.rel.fini)

.rela.fini
 *(.rela.fini)

.rel.rodata
 *(.rel.rodata)
 *(.rel.rodata.*)
 *(.rel.gnu.linkonce.r*)

.rela.rodata
 *(.rela.rodata)
 *(.rela.rodata.*)
 *(.rela.gnu.linkonce.r*)

.rel.data
 *(.rel.data)
 *(.rel.data.*)
 *(.rel.gnu.linkonce.d*)

.rela.data
 *(.rela.data)
 *(.rela.data.*)
 *(.rela.gnu.linkonce.d*)

.rel.ctors
 *(.rel.ctors)

.rela.ctors
 *(.rela.ctors)

.rel.dtors
 *(.rel.dtors)

.rela.dtors
 *(.rela.dtors)

.rel.got
 *(.rel.got)

.rela.got
 *(.rela.got)

.rel.bss
 *(.rel.bss)

.rela.bss
 *(.rela.bss)

.rel.plt
 *(.rel.plt)

.rela.plt
 *(.rela.plt)

.text           0x00000000      0xf78
 *(.vectors)
 .vectors       0x00000000       0x68 d:/program files (x86)/atmel/atmel toolchain/avr8 gcc/native/3.4.1051/avr8-gnu-toolchain/bin/../lib/gcc/avr/4.8.1/../../../../avr/lib/avr5/crtm168a.o
                0x00000000                __vector_default
                0x00000000                __vectors
 *(.vectors)
 *(.progmem.gcc*)
                0x00000068                . = ALIGN (0x2)
                0x00000068                __trampolines_start = .
 *(.trampolines)
 .trampolines   0x00000068        0x0 linker stubs
 *(.trampolines*)
                0x00000068                __trampolines_end = .
 *(.progmem*)
                0x00000068                . = ALIGN (0x2)
 *(.jumptables)
 *(.jumptables*)
 *(.lowtext)
 *(.lowtext*)
                0x00000068                __ctors_start = .
 *(.ctors)
                0x00000068                __ctors_end = .
                0x00000068                __dtors_start = .
 *(.dtors)
                0x00000068                __dtors_end = .
 SORT(*)(.ctors)
 SORT(*)(.dtors)
 *(.init0)
 .init0         0x00000068        0x0 d:/program files (x86)/atmel/atmel toolchain/avr8 gcc/native/3.4.1051/avr8-gnu-toolchain/bin/../lib/gcc/avr/4.8.1/../../../../avr/lib/avr5/crtm168a.o
                0x00000068                __init
 *(.init0)
 *(.init1)
 *(.init1)
 *(.init2)
 .init2         0x00000068        0xc d:/program files (x86)/atmel/atmel toolchain/avr8 gcc/native/3.4.1051/avr8-gnu-toolchain/bin/../lib/gcc/avr/4.8.1/../../../../avr/lib/avr5/crtm168a.o
 *(.init2)
 *(.init3)
 *(.init3)
 *(.init4)
 .init4         0x00000074       0x16 d:/program files (x86)/atmel/atmel toolchain/avr8 gcc/native/3.4.1051/avr8-gnu-toolchain/bin/../lib/gcc/avr/4.8.1/avr5\libgcc.a(_copy_data.o)
                0x00000074                __do_copy_data
 .init4         0x0000008a       0x10 d:/program files (x86)/atmel/atmel toolchain/avr8 gcc/native/3.4.1051/avr8-gnu-toolchain/bin/../lib/gcc/avr/4.8.1/avr5\libgcc.a(_clear_bss.o)
                0x0000008a                __do_clear_bss
 *(.init4)
 *(.init5)
 *(.init5)
 *(.init6)
 *(.init6)
 *(.init7)
 *(.init7)
 *(.init8)
 *(.init8)
 *(.init9)
 .init9         0x0000009a        0x4 d:/program files (x86)/atmel/atmel toolchain/avr8 gcc/native/3.4.1051/avr8-gnu-toolchain/bin/../lib/gcc/avr/4.8.1/../../../../avr/lib/avr5/crtm168a.o
 *(.init9)
 *(.text)
 .text          0x0000009e        0x2 d:/program files (x86)/atmel/atmel toolchain/avr8 gcc/native/3.4.1051/avr8-gnu-toolchain/bin/../lib/gcc/avr/4.8.1/../../../../avr/lib/avr5/crtm168a.o
                0x0000009e                __vector_22
                0x0000009e                __vector_1
                0x0000009e                __vector_24
                0x0000009e                __vector_12
                0x0000009e                __bad_interrupt
                0x0000009e                __vector_6
                0x0000009e                __vector_3
                0x0000009e                __vector_23
                0x0000009e                __vector_25
                0x0000009e                __vector_13
                0x0000009e                __vector_17
                0x0000009e                __vector_19
                0x0000009e                __vector_7
                0x0000009e                __vector_4
                0x0000009e                __vector_9
                0x0000009e                __vector_2
                0x0000009e                __vector_21
                0x0000009e                __vector_15
                0x0000009e                __vector_8
                0x0000009e                __vector_14
                0x0000009e                __vector_10
                0x0000009e                __vector_16
                0x0000009e                __vector_18
                0x0000009e                __vector_20
                0x000000a0                . = ALIGN (0x2)
 *(.text.*)
 .text.buttons_init
                0x000000a0        0x8 src/periferals.o
                0x000000a0                buttons_init
 .text.led_off  0x000000a8       0x1c src/periferals.o
                0x000000a8                led_off
 .text.led_init
                0x000000c4       0x1c src/periferals.o
                0x000000c4                led_init
 .text.periferals_init
                0x000000e0        0xe src/periferals.o
                0x000000e0                periferals_init
 .text.led_on   0x000000ee       0x1c src/periferals.o
                0x000000ee                led_on
 .text.motor_auto_up
                0x0000010a       0x24 src/periferals.o
                0x0000010a                motor_auto_up
 .text.motor_auto_down
                0x0000012e       0x20 src/periferals.o
                0x0000012e                motor_auto_down
 .text.motor_up
                0x0000014e       0x24 src/periferals.o
                0x0000014e                motor_up
 .text.motor_down
                0x00000172       0x24 src/periferals.o
                0x00000172                motor_down
 .text.on_button_released
                0x00000196       0x36 src/periferals.o
                0x00000196                on_button_released
 .text.toggle_mode
                0x000001cc       0x58 src/periferals.o
                0x000001cc                toggle_mode
 .text.on_button_pressed
                0x00000224       0x5c src/periferals.o
                0x00000224                on_button_pressed
 .text.read_buttons
                0x00000280       0x44 src/periferals.o
                0x00000280                read_buttons
 .text.set_output
                0x000002c4       0x3e src/periferals.o
                0x000002c4                set_output
 .text.rf_init  0x00000302       0x66 src/radio.o
                0x00000302                rf_init
 .text.__vector_5
                0x00000368      0x426 src/radio.o
                0x00000368                __vector_5
 .text.__vector_11
                0x0000078e      0x10c src/radio.o
                0x0000078e                __vector_11
 .text.one_on   0x0000089a        0x8 src/main.o
                0x0000089a                one_on
 .text.one_off  0x000008a2        0x8 src/main.o
                0x000008a2                one_off
 .text.two_off  0x000008aa        0x8 src/main.o
                0x000008aa                two_off
 .text.three_on
                0x000008b2        0x8 src/main.o
                0x000008b2                three_on
 .text.three_off
                0x000008ba        0x8 src/main.o
                0x000008ba                three_off
 .text.process_data
                0x000008c2      0x11e src/main.o
                0x000008c2                process_data
 .text.main     0x000009e0       0x14 src/main.o
                0x000009e0                main
 .text.board_init
                0x000009f4        0x2 src/ASF/mega/boards/stk600/rcx_x/init.o
                0x000009f4                board_init
 .text.avr-libc
                0x000009f6       0x3e d:/program files (x86)/atmel/atmel toolchain/avr8 gcc/native/3.4.1051/avr8-gnu-toolchain/bin/../lib/gcc/avr/4.8.1/../../../../avr/lib/avr5\libc.a(sprintf.o)
                0x000009f6                sprintf
 .text.avr-libc
                0x00000a34      0x386 d:/program files (x86)/atmel/atmel toolchain/avr8 gcc/native/3.4.1051/avr8-gnu-toolchain/bin/../lib/gcc/avr/4.8.1/../../../../avr/lib/avr5\libc.a(vfprintf_std.o)
                0x00000a34                vfprintf
 .text.avr-libc
                0x00000dba       0x16 d:/program files (x86)/atmel/atmel toolchain/avr8 gcc/native/3.4.1051/avr8-gnu-toolchain/bin/../lib/gcc/avr/4.8.1/../../../../avr/lib/avr5\libc.a(strnlen_P.o)
                0x00000dba                strnlen_P
 .text.avr-libc
                0x00000dd0       0x16 d:/program files (x86)/atmel/atmel toolchain/avr8 gcc/native/3.4.1051/avr8-gnu-toolchain/bin/../lib/gcc/avr/4.8.1/../../../../avr/lib/avr5\libc.a(strnlen.o)
                0x00000dd0                strnlen
 .text.avr-libc
                0x00000de6       0x64 d:/program files (x86)/atmel/atmel toolchain/avr8 gcc/native/3.4.1051/avr8-gnu-toolchain/bin/../lib/gcc/avr/4.8.1/../../../../avr/lib/avr5\libc.a(fputc.o)
                0x00000de6                fputc
 .text.avr-libc
                0x00000e4a       0xbc d:/program files (x86)/atmel/atmel toolchain/avr8 gcc/native/3.4.1051/avr8-gnu-toolchain/bin/../lib/gcc/avr/4.8.1/../../../../avr/lib/avr5\libc.a(ultoa_invert.o)
                0x00000e4a                __ultoa_invert
 .text.libgcc.prologue
                0x00000f06       0x38 d:/program files (x86)/atmel/atmel toolchain/avr8 gcc/native/3.4.1051/avr8-gnu-toolchain/bin/../lib/gcc/avr/4.8.1/avr5\libgcc.a(_prologue.o)
                0x00000f06                __prologue_saves__
 .text.libgcc.prologue
                0x00000f3e       0x36 d:/program files (x86)/atmel/atmel toolchain/avr8 gcc/native/3.4.1051/avr8-gnu-toolchain/bin/../lib/gcc/avr/4.8.1/avr5\libgcc.a(_epilogue.o)
                0x00000f3e                __epilogue_restores__
                0x00000f74                . = ALIGN (0x2)
 *(.fini9)
 .fini9         0x00000f74        0x0 d:/program files (x86)/atmel/atmel toolchain/avr8 gcc/native/3.4.1051/avr8-gnu-toolchain/bin/../lib/gcc/avr/4.8.1/avr5\libgcc.a(_exit.o)
                0x00000f74                _exit
                0x00000f74                exit
 *(.fini9)
 *(.fini8)
 *(.fini8)
 *(.fini7)
 *(.fini7)
 *(.fini6)
 *(.fini6)
 *(.fini5)
 *(.fini5)
 *(.fini4)
 *(.fini4)
 *(.fini3)
 *(.fini3)
 *(.fini2)
 *(.fini2)
 *(.fini1)
 *(.fini1)
 *(.fini0)
 .fini0         0x00000f74        0x4 d:/program files (x86)/atmel/atmel toolchain/avr8 gcc/native/3.4.1051/avr8-gnu-toolchain/bin/../lib/gcc/avr/4.8.1/avr5\libgcc.a(_exit.o)
 *(.fini0)
                0x00000f78                _etext = .

.data           0x00800100        0xa load address 0x00000f78
                0x00800100                PROVIDE (__data_start, .)
 *(.data)
 .data          0x00800100        0x0 d:/program files (x86)/atmel/atmel toolchain/avr8 gcc/native/3.4.1051/avr8-gnu-toolchain/bin/../lib/gcc/avr/4.8.1/../../../../avr/lib/avr5/crtm168a.o
 .data          0x00800100        0x0 src/periferals.o
 .data          0x00800100        0x0 src/radio.o
 .data          0x00800100        0x0 src/main.o
 .data          0x00800100        0x0 src/ASF/mega/boards/stk600/rcx_x/init.o
 .data          0x00800100        0x0 d:/program files (x86)/atmel/atmel toolchain/avr8 gcc/native/3.4.1051/avr8-gnu-toolchain/bin/../lib/gcc/avr/4.8.1/avr5\libgcc.a(_exit.o)
 .data          0x00800100        0x0 d:/program files (x86)/atmel/atmel toolchain/avr8 gcc/native/3.4.1051/avr8-gnu-toolchain/bin/../lib/gcc/avr/4.8.1/avr5\libgcc.a(_copy_data.o)
 .data          0x00800100        0x0 d:/program files (x86)/atmel/atmel toolchain/avr8 gcc/native/3.4.1051/avr8-gnu-toolchain/bin/../lib/gcc/avr/4.8.1/avr5\libgcc.a(_clear_bss.o)
 .data          0x00800100        0x0 d:/program files (x86)/atmel/atmel toolchain/avr8 gcc/native/3.4.1051/avr8-gnu-toolchain/bin/../lib/gcc/avr/4.8.1/../../../../avr/lib/avr5\libc.a(sprintf.o)
 .data          0x00800100        0x0 d:/program files (x86)/atmel/atmel toolchain/avr8 gcc/native/3.4.1051/avr8-gnu-toolchain/bin/../lib/gcc/avr/4.8.1/../../../../avr/lib/avr5\libc.a(vfprintf_std.o)
 .data          0x00800100        0x0 d:/program files (x86)/atmel/atmel toolchain/avr8 gcc/native/3.4.1051/avr8-gnu-toolchain/bin/../lib/gcc/avr/4.8.1/../../../../avr/lib/avr5\libc.a(strnlen_P.o)
 .data          0x00800100        0x0 d:/program files (x86)/atmel/atmel toolchain/avr8 gcc/native/3.4.1051/avr8-gnu-toolchain/bin/../lib/gcc/avr/4.8.1/../../../../avr/lib/avr5\libc.a(strnlen.o)
 .data          0x00800100        0x0 d:/program files (x86)/atmel/atmel toolchain/avr8 gcc/native/3.4.1051/avr8-gnu-toolchain/bin/../lib/gcc/avr/4.8.1/../../../../avr/lib/avr5\libc.a(fputc.o)
 .data          0x00800100        0x0 d:/program files (x86)/atmel/atmel toolchain/avr8 gcc/native/3.4.1051/avr8-gnu-toolchain/bin/../lib/gcc/avr/4.8.1/../../../../avr/lib/avr5\libc.a(ultoa_invert.o)
 .data          0x00800100        0x0 d:/program files (x86)/atmel/atmel toolchain/avr8 gcc/native/3.4.1051/avr8-gnu-toolchain/bin/../lib/gcc/avr/4.8.1/avr5\libgcc.a(_prologue.o)
 .data          0x00800100        0x0 d:/program files (x86)/atmel/atmel toolchain/avr8 gcc/native/3.4.1051/avr8-gnu-toolchain/bin/../lib/gcc/avr/4.8.1/avr5\libgcc.a(_epilogue.o)
 *(.data*)
 .data.has_pressed_up
                0x00800100        0x2 src/periferals.o
                0x00800100                has_pressed_up
 .data.has_pressed_mode
                0x00800102        0x2 src/periferals.o
                0x00800102                has_pressed_mode
 *(.rodata)
 *(.rodata*)
 .rodata.str1.1
                0x00800104        0x5 src/main.o
 *(.gnu.linkonce.d*)
                0x0080010a                . = ALIGN (0x2)
 *fill*         0x00800109        0x1 
                0x0080010a                _edata = .
                0x0080010a                PROVIDE (__data_end, .)

.bss            0x0080010a        0xd
                0x0080010a                PROVIDE (__bss_start, .)
 *(.bss)
 *(.bss*)
 .bss.mode      0x0080010a        0x2 src/periferals.o
                0x0080010a                mode
 *(COMMON)
 COMMON         0x0080010c        0xb src/radio.o
                0x0080010c                dataready
                0x0080010d                state
                0x0080010e                rawdata
                0x00800112                data
                0x00800116                ministate
                0x00800117                PROVIDE (__bss_end, .)
                0x00000f78                __data_load_start = LOADADDR (.data)
                0x00000f82                __data_load_end = (__data_load_start + SIZEOF (.data))

.noinit         0x00800117        0x0
                0x00800117                PROVIDE (__noinit_start, .)
 *(.noinit*)
                0x00800117                PROVIDE (__noinit_end, .)
                0x00800117                _end = .
                0x00800117                PROVIDE (__heap_start, .)

.eeprom         0x00810000        0x0
 *(.eeprom*)
                0x00810000                __eeprom_end = .

.fuse
 *(.fuse)
 *(.lfuse)
 *(.hfuse)
 *(.efuse)

.lock
 *(.lock*)

.signature
 *(.signature*)

.user_signatures
 *(.user_signatures*)

.stab
 *(.stab)

.stabstr
 *(.stabstr)

.stab.excl
 *(.stab.excl)

.stab.exclstr
 *(.stab.exclstr)

.stab.index
 *(.stab.index)

.stab.indexstr
 *(.stab.indexstr)

.comment        0x00000000       0x5c
 *(.comment)
 .comment       0x00000000       0x30 src/periferals.o
                                 0x31 (size before relaxing)
 .comment       0x00000000       0x31 src/radio.o
 .comment       0x00000000       0x31 src/main.o
 .comment       0x00000000       0x31 src/ASF/mega/boards/stk600/rcx_x/init.o
 .comment       0x00000000       0x31 d:/program files (x86)/atmel/atmel toolchain/avr8 gcc/native/3.4.1051/avr8-gnu-toolchain/bin/../lib/gcc/avr/4.8.1/../../../../avr/lib/avr5\libc.a(sprintf.o)
 .comment       0x00000030       0x2c d:/program files (x86)/atmel/atmel toolchain/avr8 gcc/native/3.4.1051/avr8-gnu-toolchain/bin/../lib/gcc/avr/4.8.1/../../../../avr/lib/avr5\libc.a(vfprintf_std.o)
                                 0x2d (size before relaxing)
 .comment       0x00000000       0x31 d:/program files (x86)/atmel/atmel toolchain/avr8 gcc/native/3.4.1051/avr8-gnu-toolchain/bin/../lib/gcc/avr/4.8.1/../../../../avr/lib/avr5\libc.a(fputc.o)

.note.gnu.build-id
 *(.note.gnu.build-id)

.debug
 *(.debug)

.line
 *(.line)

.debug_srcinfo
 *(.debug_srcinfo)

.debug_sfnames
 *(.debug_sfnames)

.debug_aranges  0x00000000      0x150
 *(.debug_aranges)
 .debug_aranges
                0x00000000       0x90 src/periferals.o
 .debug_aranges
                0x00000090       0x30 src/radio.o
 .debug_aranges
                0x000000c0       0x70 src/main.o
 .debug_aranges
                0x00000130       0x20 src/ASF/mega/boards/stk600/rcx_x/init.o

.debug_pubnames
 *(.debug_pubnames)

.debug_info     0x00000000     0x129b
 *(.debug_info .gnu.linkonce.wi.*)
 .debug_info    0x00000000      0x836 src/periferals.o
 .debug_info    0x00000836      0x408 src/radio.o
 .debug_info    0x00000c3e      0x5e1 src/main.o
 .debug_info    0x0000121f       0x7c src/ASF/mega/boards/stk600/rcx_x/init.o

.debug_abbrev   0x00000000      0x548
 *(.debug_abbrev)
 .debug_abbrev  0x00000000      0x1c1 src/periferals.o
 .debug_abbrev  0x000001c1      0x11b src/radio.o
 .debug_abbrev  0x000002dc      0x225 src/main.o
 .debug_abbrev  0x00000501       0x47 src/ASF/mega/boards/stk600/rcx_x/init.o

.debug_line     0x00000000     0x15f1
 *(.debug_line .debug_line.* .debug_line_end)
 .debug_line    0x00000000      0x61d src/periferals.o
 .debug_line    0x0000061d      0x669 src/radio.o
 .debug_line    0x00000c86      0x61a src/main.o
 .debug_line    0x000012a0      0x351 src/ASF/mega/boards/stk600/rcx_x/init.o

.debug_frame    0x00000000      0x2d4
 *(.debug_frame)
 .debug_frame   0x00000000      0x104 src/periferals.o
 .debug_frame   0x00000104       0xa4 src/radio.o
 .debug_frame   0x000001a8      0x108 src/main.o
 .debug_frame   0x000002b0       0x24 src/ASF/mega/boards/stk600/rcx_x/init.o

.debug_str      0x00000000     0xcf8f
 *(.debug_str)
 .debug_str     0x00000000     0x6501 src/periferals.o
                               0x65be (size before relaxing)
 .debug_str     0x00006501      0x4a9 src/radio.o
                               0x63cc (size before relaxing)
 .debug_str     0x000069aa     0x65ac src/main.o
                               0xcffc (size before relaxing)
 .debug_str     0x0000cf56       0x39 src/ASF/mega/boards/stk600/rcx_x/init.o
                               0xc2be (size before relaxing)

.debug_loc      0x00000000      0x642
 *(.debug_loc)
 .debug_loc     0x00000000      0x232 src/periferals.o
 .debug_loc     0x00000232      0x2fb src/radio.o
 .debug_loc     0x0000052d      0x115 src/main.o

.debug_macinfo
 *(.debug_macinfo)

.debug_weaknames
 *(.debug_weaknames)

.debug_funcnames
 *(.debug_funcnames)

.debug_typenames
 *(.debug_typenames)

.debug_varnames
 *(.debug_varnames)

.debug_pubtypes
 *(.debug_pubtypes)

.debug_ranges   0x00000000      0x110
 *(.debug_ranges)
 .debug_ranges  0x00000000       0x80 src/periferals.o
 .debug_ranges  0x00000080       0x20 src/radio.o
 .debug_ranges  0x000000a0       0x60 src/main.o
 .debug_ranges  0x00000100       0x10 src/ASF/mega/boards/stk600/rcx_x/init.o

.debug_macro    0x00000000     0x33a2
 *(.debug_macro)
 .debug_macro   0x00000000       0xf3 src/periferals.o
 .debug_macro   0x000000f3      0xa24 src/periferals.o
 .debug_macro   0x00000b17       0x10 src/periferals.o
 .debug_macro   0x00000b27      0x1ad src/periferals.o
 .debug_macro   0x00000cd4      0x293 src/periferals.o
 .debug_macro   0x00000f67       0x9e src/periferals.o
 .debug_macro   0x00001005      0xd2f src/periferals.o
 .debug_macro   0x00001d34       0xdc src/periferals.o
 .debug_macro   0x00001e10      0x139 src/periferals.o
 .debug_macro   0x00001f49       0xbd src/periferals.o
 .debug_macro   0x00002006       0x34 src/periferals.o
 .debug_macro   0x0000203a       0x18 src/periferals.o
 .debug_macro   0x00002052       0x6c src/periferals.o
 .debug_macro   0x000020be       0x58 src/periferals.o
 .debug_macro   0x00002116       0x10 src/periferals.o
 .debug_macro   0x00002126      0x16d src/periferals.o
 .debug_macro   0x00002293       0xbe src/radio.o
 .debug_macro   0x00002351       0x69 src/radio.o
 .debug_macro   0x000023ba       0x40 src/radio.o
 .debug_macro   0x000023fa      0x1e5 src/main.o
 .debug_macro   0x000025df       0x22 src/main.o
 .debug_macro   0x00002601      0x166 src/main.o
 .debug_macro   0x00002767       0x1c src/main.o
 .debug_macro   0x00002783       0x35 src/main.o
 .debug_macro   0x000027b8       0x66 src/main.o
 .debug_macro   0x0000281e      0x2ee src/main.o
 .debug_macro   0x00002b0c       0x44 src/main.o
 .debug_macro   0x00002b50       0x2c src/main.o
 .debug_macro   0x00002b7c       0x10 src/main.o
 .debug_macro   0x00002b8c       0xe2 src/main.o
 .debug_macro   0x00002c6e       0x40 src/main.o
 .debug_macro   0x00002cae      0x100 src/main.o
 .debug_macro   0x00002dae      0x1dd src/main.o
 .debug_macro   0x00002f8b       0x16 src/main.o
 .debug_macro   0x00002fa1       0x58 src/main.o
 .debug_macro   0x00002ff9       0x10 src/main.o
 .debug_macro   0x00003009       0xeb src/main.o
 .debug_macro   0x000030f4      0x167 src/main.o
 .debug_macro   0x0000325b      0x147 src/ASF/mega/boards/stk600/rcx_x/init.o
OUTPUT(nexa_receiver.elf elf32-avr)
LOAD linker stubs
